
 Name                                                                   Monthly Qty  Unit   Monthly Cost 
                                                                                                         
 azurerm_traffic_manager_external_endpoint.basic_healthcheck_example                                     
 └─ Basic health check (Global)                                                 730  hours         $0.54 
                                                                                                         
 azurerm_traffic_manager_external_endpoint.default_healthcheck_example                                   
 └─ Basic health check (Global)                                                 730  hours         $0.54 
                                                                                                         
 azurerm_traffic_manager_external_endpoint.fast_healthcheck_example                                      
 ├─ Basic health check (Global)                                                 730  hours         $0.54 
 └─ Fast interval health checks add-on (Global)                                 730  hours         $2.00 
                                                                                                         
 OVERALL TOTAL                                                                                     $3.62 
──────────────────────────────────
9 cloud resources were detected:
∙ 8 were estimated, 4 of which include usage-based costs, see https://infracost.io/usage-file
∙ 1 was free:
  ∙ 1 x azurerm_resource_group